'dict' object has no attribute 'strip'
'dict' object has no attribute 'strip'
'dict' object has no attribute 'strip'
'dict' object has no attribute 'strip'
'dict' object has no attribute 'strip'
'dict' object has no attribute 'strip'
'dict' object has no attribute 'strip'
'dict' object has no attribute 'strip'
Request timed out.
Request timed out.
Request timed out.
Request timed out.
'NoneType' object has no attribute 'strip'
'NoneType' object has no attribute 'strip'
'NoneType' object has no attribute 'strip'
'NoneType' object has no attribute 'strip'
'NoneType' object has no attribute 'strip'
'NoneType' object has no attribute 'strip'
'NoneType' object has no attribute 'strip'
'NoneType' object has no attribute 'strip'
'NoneType' object has no attribute 'strip'
'NoneType' object has no attribute 'strip'
'NoneType' object has no attribute 'strip'
'NoneType' object has no attribute 'strip'
'NoneType' object has no attribute 'strip'
'NoneType' object has no attribute 'strip'
'NoneType' object has no attribute 'strip'
'NoneType' object has no attribute 'strip'
'NoneType' object has no attribute 'strip'
'NoneType' object has no attribute 'strip'
'NoneType' object has no attribute 'strip'
'NoneType' object has no attribute 'strip'
'NoneType' object has no attribute 'strip'
'NoneType' object has no attribute 'strip'
'NoneType' object has no attribute 'strip'
'NoneType' object has no attribute 'strip'
'NoneType' object has no attribute 'strip'
'NoneType' object has no attribute 'strip'
'NoneType' object has no attribute 'strip'
'NoneType' object has no attribute 'strip'
'NoneType' object has no attribute 'strip'
'NoneType' object has no attribute 'strip'
'NoneType' object has no attribute 'strip'
'NoneType' object has no attribute 'strip'
'NoneType' object has no attribute 'strip'
'NoneType' object has no attribute 'strip'
'NoneType' object has no attribute 'strip'
'NoneType' object has no attribute 'strip'
'NoneType' object has no attribute 'strip'
'NoneType' object has no attribute 'strip'
'NoneType' object has no attribute 'strip'
'NoneType' object has no attribute 'strip'
'NoneType' object has no attribute 'strip'
'NoneType' object has no attribute 'strip'
'NoneType' object has no attribute 'strip'
'NoneType' object has no attribute 'strip'
'NoneType' object has no attribute 'strip'
'NoneType' object has no attribute 'strip'
'NoneType' object has no attribute 'strip'
'NoneType' object has no attribute 'strip'
'NoneType' object has no attribute 'strip'
'NoneType' object has no attribute 'strip'
'NoneType' object has no attribute 'strip'
'NoneType' object has no attribute 'strip'
'NoneType' object has no attribute 'strip'
'NoneType' object has no attribute 'strip'
'NoneType' object has no attribute 'strip'
'NoneType' object has no attribute 'strip'
'NoneType' object has no attribute 'strip'
'NoneType' object has no attribute 'strip'
'NoneType' object has no attribute 'strip'
'NoneType' object has no attribute 'strip'
'NoneType' object has no attribute 'strip'
'NoneType' object has no attribute 'strip'
'NoneType' object has no attribute 'strip'
'NoneType' object has no attribute 'strip'
'NoneType' object has no attribute 'strip'
'NoneType' object has no attribute 'strip'
'NoneType' object has no attribute 'strip'
'NoneType' object has no attribute 'strip'
'NoneType' object has no attribute 'strip'
Request timed out.
'NoneType' object has no attribute 'strip'
'NoneType' object has no attribute 'strip'
'NoneType' object has no attribute 'strip'
'NoneType' object has no attribute 'strip'
'NoneType' object has no attribute 'strip'
'NoneType' object has no attribute 'strip'
'NoneType' object has no attribute 'strip'
'NoneType' object has no attribute 'strip'
'NoneType' object has no attribute 'strip'
'NoneType' object has no attribute 'strip'
'NoneType' object has no attribute 'strip'
'NoneType' object has no attribute 'strip'
'NoneType' object has no attribute 'strip'
'NoneType' object has no attribute 'strip'
'NoneType' object has no attribute 'strip'
'NoneType' object has no attribute 'strip'
'NoneType' object has no attribute 'strip'
'NoneType' object has no attribute 'strip'
'NoneType' object has no attribute 'strip'
'NoneType' object has no attribute 'strip'
'NoneType' object has no attribute 'strip'
'NoneType' object has no attribute 'strip'
'NoneType' object has no attribute 'strip'
'NoneType' object has no attribute 'strip'
'NoneType' object has no attribute 'strip'
'NoneType' object has no attribute 'strip'
'NoneType' object has no attribute 'strip'
'NoneType' object has no attribute 'strip'
'NoneType' object has no attribute 'strip'
'NoneType' object has no attribute 'strip'
'NoneType' object has no attribute 'strip'
'NoneType' object has no attribute 'strip'
'NoneType' object has no attribute 'strip'
'NoneType' object has no attribute 'strip'
'NoneType' object has no attribute 'strip'
'NoneType' object has no attribute 'strip'
'NoneType' object has no attribute 'strip'
'NoneType' object has no attribute 'strip'
'NoneType' object has no attribute 'strip'
'NoneType' object has no attribute 'strip'
'NoneType' object has no attribute 'strip'
'NoneType' object has no attribute 'strip'
'NoneType' object has no attribute 'strip'
'NoneType' object has no attribute 'strip'
'NoneType' object has no attribute 'strip'
'NoneType' object has no attribute 'strip'
'NoneType' object has no attribute 'strip'
'NoneType' object has no attribute 'strip'
'NoneType' object has no attribute 'strip'
'NoneType' object has no attribute 'strip'
'NoneType' object has no attribute 'strip'
'NoneType' object has no attribute 'strip'
'NoneType' object has no attribute 'strip'
'NoneType' object has no attribute 'strip'
'NoneType' object has no attribute 'strip'
'NoneType' object has no attribute 'strip'
'NoneType' object has no attribute 'strip'
'NoneType' object has no attribute 'strip'
'NoneType' object has no attribute 'strip'
'NoneType' object has no attribute 'strip'
'NoneType' object has no attribute 'strip'
'wordTranslationAccuracy'
Request timed out.
'NoneType' object has no attribute 'strip'
'NoneType' object has no attribute 'strip'
Request timed out.
Request timed out.
'NoneType' object has no attribute 'strip'
Request timed out.
'NoneType' object has no attribute 'strip'
'NoneType' object has no attribute 'strip'
'NoneType' object has no attribute 'strip'
'NoneType' object has no attribute 'strip'
'NoneType' object has no attribute 'strip'
'NoneType' object has no attribute 'strip'
'NoneType' object has no attribute 'strip'
'NoneType' object has no attribute 'strip'
'NoneType' object has no attribute 'strip'
'NoneType' object has no attribute 'strip'
'NoneType' object has no attribute 'strip'
'NoneType' object has no attribute 'strip'
'NoneType' object has no attribute 'strip'
Request timed out.
Request timed out.
'NoneType' object has no attribute 'strip'
'NoneType' object has no attribute 'strip'
'NoneType' object has no attribute 'strip'
'NoneType' object has no attribute 'strip'
Request timed out.
Request timed out.
Request timed out.
Request timed out.
'NoneType' object has no attribute 'strip'
'NoneType' object has no attribute 'strip'
Request timed out.
'NoneType' object has no attribute 'strip'
'NoneType' object has no attribute 'strip'
Request timed out.
Request timed out.
Request timed out.
Request timed out.
Request timed out.
Connection error.
'NoneType' object has no attribute 'strip'
'NoneType' object has no attribute 'strip'
'NoneType' object has no attribute 'strip'
'NoneType' object has no attribute 'strip'
'NoneType' object has no attribute 'strip'
'NoneType' object has no attribute 'strip'
'NoneType' object has no attribute 'strip'
'NoneType' object has no attribute 'strip'
'NoneType' object has no attribute 'strip'
'NoneType' object has no attribute 'strip'
'NoneType' object has no attribute 'strip'
'NoneType' object has no attribute 'strip'
'NoneType' object has no attribute 'strip'
'NoneType' object has no attribute 'strip'
'NoneType' object has no attribute 'strip'
'NoneType' object has no attribute 'strip'
'NoneType' object has no attribute 'strip'
'NoneType' object has no attribute 'strip'
'NoneType' object has no attribute 'strip'
'NoneType' object has no attribute 'strip'
'NoneType' object has no attribute 'strip'
'NoneType' object has no attribute 'strip'
'NoneType' object has no attribute 'strip'
'NoneType' object has no attribute 'strip'
'NoneType' object has no attribute 'strip'
'NoneType' object has no attribute 'strip'
'NoneType' object has no attribute 'strip'
'NoneType' object has no attribute 'strip'
'NoneType' object has no attribute 'strip'
'NoneType' object has no attribute 'strip'
'NoneType' object has no attribute 'strip'
'NoneType' object has no attribute 'strip'
'NoneType' object has no attribute 'strip'
'NoneType' object has no attribute 'strip'
'NoneType' object has no attribute 'strip'
'NoneType' object has no attribute 'strip'
'NoneType' object has no attribute 'strip'
'NoneType' object has no attribute 'strip'
'NoneType' object has no attribute 'strip'
'NoneType' object has no attribute 'strip'
'NoneType' object has no attribute 'strip'
'NoneType' object has no attribute 'strip'
'NoneType' object has no attribute 'strip'
'NoneType' object has no attribute 'strip'
'NoneType' object has no attribute 'strip'
'NoneType' object has no attribute 'strip'
'NoneType' object has no attribute 'strip'
'NoneType' object has no attribute 'strip'
'NoneType' object has no attribute 'strip'
'NoneType' object has no attribute 'strip'
'NoneType' object has no attribute 'strip'
'NoneType' object has no attribute 'strip'
'NoneType' object has no attribute 'strip'
'NoneType' object has no attribute 'strip'
'NoneType' object has no attribute 'strip'
'NoneType' object has no attribute 'strip'
'NoneType' object has no attribute 'strip'
'NoneType' object has no attribute 'strip'
'NoneType' object has no attribute 'strip'
'NoneType' object has no attribute 'strip'
'NoneType' object has no attribute 'strip'
'NoneType' object has no attribute 'strip'
'NoneType' object has no attribute 'strip'
'NoneType' object has no attribute 'strip'
'NoneType' object has no attribute 'strip'
'NoneType' object has no attribute 'strip'
'NoneType' object has no attribute 'strip'
'NoneType' object has no attribute 'strip'
'NoneType' object has no attribute 'strip'
'NoneType' object has no attribute 'strip'
'NoneType' object has no attribute 'strip'
'NoneType' object has no attribute 'strip'
'NoneType' object has no attribute 'strip'
'NoneType' object has no attribute 'strip'
'NoneType' object has no attribute 'strip'
'NoneType' object has no attribute 'strip'
'NoneType' object has no attribute 'strip'
